0x2
(nil)
0x41
(nil)
0xffffff00
0xffffff01
0xffffff02
0xffffff03
0xffffff04
0xffffff05
0xffffff06
0xffffff07
0xffffff08
0xffffff09
0xffffff0a
0xffffff0b
0xffffff0c
0xffffff0d
0xffffff0e
0xffffff0f
0x41
0x40
0xffffff00
0xffffff01
0xffffff02
0xffffff03
0xffffff04
0xffffff05
0xffffff06
0xffffff07
0xffffff08
0xffffff09
0xffffff0a
0xffffff0b
0xffffff0c
0xffffff0d
0xffffff0e
0xffffff0f
