0x2
(nil)
0x41
(nil)
0xffffff01ffffff00
0xffffff03ffffff02
0xffffff05ffffff04
0xffffff07ffffff06
0xffffff09ffffff08
0xffffff0bffffff0a
0xffffff0dffffff0c
0xffffff0fffffff0e
0x41
0x40
0xffffff01ffffff00
0xffffff03ffffff02
0xffffff05ffffff04
0xffffff07ffffff06
0xffffff09ffffff08
0xffffff0bffffff0a
0xffffff0dffffff0c
0xffffff0fffffff0e
