

[
	addr: 0608
	size: 400
	left_size: 24
	allocated: false
	prev: NULLPTR
	next: 0528
]

[
	addr: 0528
	size: 40
	left_size: 24
	allocated: false
	prev: 0608
	next: 0448
]

[
	addr: 0448
	size: 40
	left_size: 24
	allocated: false
	prev: 0528
	next: 0008
]

[
	addr: 0008
	size: 400
	left_size: 0
	allocated: false
	prev: 0448
	next: 1048
]

[
	addr: 1048
	size: 3032
	left_size: 24
	allocated: false
	prev: 0008
	next: NULLPTR
]

BREAK


[
	addr: 0608
	size: 400
	left_size: 24
	allocated: false
	prev: NULLPTR
	next: 0448
]

[
	addr: 0448
	size: 40
	left_size: 24
	allocated: false
	prev: 0608
	next: 0008
]

[
	addr: 0008
	size: 400
	left_size: 0
	allocated: false
	prev: 0448
	next: 1048
]

[
	addr: 1048
	size: 3032
	left_size: 24
	allocated: false
	prev: 0008
	next: NULLPTR
]

BREAK


[
	addr: 0608
	size: 400
	left_size: 24
	allocated: false
	prev: NULLPTR
	next: 0008
]

[
	addr: 0008
	size: 400
	left_size: 0
	allocated: false
	prev: 0608
	next: 1048
]

[
	addr: 1048
	size: 3032
	left_size: 24
	allocated: false
	prev: 0008
	next: NULLPTR
]

BREAK
