
(nil)
[
	addr: 0096
	size: 3968
	left_size: 64
	allocated: false
	prev: NULLPTR
	next: NULLPTR
]


(nil)
[
	addr: 0176
	size: 3888
	left_size: 64
	allocated: false
	prev: NULLPTR
	next: NULLPTR
]


(nil)
[
	addr: 0256
	size: 3808
	left_size: 64
	allocated: false
	prev: NULLPTR
	next: NULLPTR
]


(nil)
[
	addr: 0336
	size: 3728
	left_size: 64
	allocated: false
	prev: NULLPTR
	next: NULLPTR
]

BREAK


[
	addr: 0016
	size: 64
	left_size: 0
	allocated: false
	prev: NULLPTR
	next: 0336
]

[
	addr: 0336
	size: 3728
	left_size: 64
	allocated: false
	prev: 0016
	next: NULLPTR
]



[
	addr: 0016
	size: 144
	left_size: 0
	allocated: false
	prev: NULLPTR
	next: 0336
]

[
	addr: 0336
	size: 3728
	left_size: 64
	allocated: false
	prev: 0016
	next: NULLPTR
]



[
	addr: 0016
	size: 224
	left_size: 0
	allocated: false
	prev: NULLPTR
	next: 0336
]

[
	addr: 0336
	size: 3728
	left_size: 64
	allocated: false
	prev: 0016
	next: NULLPTR
]

BREAK

(nil)
[
	addr: 0016
	size: 4048
	left_size: 0
	allocated: false
	prev: NULLPTR
	next: NULLPTR
]

BREAK
